// Jest Snapshot v1, https://goo.gl/fbAQLP

exports[`FileUploadContainer Matches snapshot 1`] = `
<div
  class="PdfUploadContainer"
  data-testid="FileUploadContainer"
>
  <form
    data-testid="FileUploadForm"
    id="FileUploadForm"
    role="form"
  >
    <input
      accept="application/pdf"
      data-testid="FileInput"
      id="FileUploadForm-input"
      multiple=""
      name="formFile"
      role="input"
      type="file"
    />
  </form>
  <div
    role="uploaded files"
  />
</div>
`;
