// Jest Snapshot v1, https://goo.gl/fbAQLP

exports[`FileInput renders correctly with default pdf as filetype and matches snapshot 1`] = `
<div>
  <input
    accept="application/pdf"
    id="FileUploadForm-input"
    multiple=""
    name="formFile"
    role="input"
    type="file"
  />
</div>
`;
